// Jest Snapshot v1, https://goo.gl/fbAQLP

exports[`output should return correct object 1`] = `
Object {
  "output": Object {
    "chunkFilename": "[name].[chunkhash].chunk.js",
    "crossOriginLoading": false,
    "filename": "[name].[chunkhash].js",
    "path": "c:\\\\projects\\\\dev\\\\webpack-features\\\\dist",
    "publicPath": "/",
  },
}
`;
