// Jest Snapshot v1, https://goo.gl/fbAQLP

exports[`config should return list of all features 1`] = `
Object {
  "browser": [Function],
  "createConfig": [Function],
  "define": [Function],
  "entry": [Function],
  "externals": [Function],
  "javascript": [Function],
  "media": [Function],
  "namedModules": [Function],
  "node": [Function],
  "optimization": [Function],
  "output": [Function],
  "styles": [Function],
}
`;
