// Jest Snapshot v1, https://goo.gl/fbAQLP

exports[`cssLoader should add style loader if flag is on 1`] = `"style-loader"`;

exports[`cssLoader should increment every defined importLoaders 1`] = `
Array [
  1,
  undefined,
]
`;

exports[`cssLoader should modify name of css loader for server env 1`] = `"css-loader/locals"`;

exports[`cssLoader should not modify name of css loader for not server env 1`] = `"css-loader"`;

exports[`cssLoader should use custom options 1`] = `
Object {
  "importLoaders": 0,
  "localIdentName": "[hash:base64]",
  "minimize": true,
  "modules": false,
}
`;
