// Jest Snapshot v1, https://goo.gl/fbAQLP

exports[`createBabelEnvPresetOptions should set a correct node target 1`] = `"7.2"`;

exports[`createBabelEnvPresetOptions should set a default node target for \`true\` 1`] = `"8.4"`;

exports[`createBabelEnvPresetOptions should set correct legacy browsers targets 1`] = `
Array [
  "> 1%",
  "last 2 versions",
  "Firefox ESR",
]
`;

exports[`createBabelEnvPresetOptions should set correct modern browsers targets 1`] = `
Array [
  ">0.25%",
  "not ie 11",
  "not op_mini all",
]
`;

exports[`createBabelEnvPresetOptions should use modern browsers list for \`true\` value 1`] = `
Array [
  ">0.25%",
  "not ie 11",
  "not op_mini all",
]
`;
