// Jest Snapshot v1, https://goo.gl/fbAQLP

exports[`emotion should add emotion to the plugins list of the babel-loader's options 1`] = `
Array [
  Object {
    "exclude": /node_modules/,
    "test": /\\\\\\.worker\\\\\\.jsx\\?\\$/i,
    "use": Object {
      "loader": "C:\\\\projects\\\\dev\\\\webpack-features\\\\node_modules\\\\worker-loader\\\\dist\\\\cjs.js",
      "options": Object {
        "inline": false,
        "name": "[name].[hash].js",
        "publicPath": "/",
      },
    },
  },
  Object {
    "exclude": /node_modules/,
    "test": /\\^\\(\\?:\\(\\?!\\\\\\.worker\\)\\.\\)\\*\\\\\\.jsx\\?\\$/i,
    "use": Array [
      Object {
        "loader": "C:\\\\projects\\\\dev\\\\webpack-features\\\\node_modules\\\\babel-loader\\\\lib\\\\index.js",
        "options": Object {
          "babelrc": false,
          "plugins": Array [
            Array [
              "C:\\\\projects\\\\dev\\\\webpack-features\\\\node_modules\\\\babel-plugin-emotion\\\\lib\\\\index.js",
              Object {
                "autoLabel": false,
                "extractStatic": false,
                "hoist": true,
                "sourceMap": false,
              },
            ],
            "@babel/plugin-proposal-object-rest-spread",
            "@babel/plugin-proposal-decorators",
            Array [
              "@babel/plugin-proposal-class-properties",
              Object {
                "loose": true,
              },
            ],
            "@babel/plugin-syntax-dynamic-import",
          ],
          "presets": Array [
            Array [
              "@babel/preset-env",
              Object {
                "debug": false,
                "modules": false,
                "targets": Object {
                  "browsers": Array [
                    ">0.25%",
                    "not ie 11",
                    "not op_mini all",
                  ],
                },
                "useBuiltIns": false,
              },
            ],
          ],
        },
      },
      Object {
        "loader": "C:\\\\projects\\\\dev\\\\webpack-features\\\\node_modules\\\\eslint-loader\\\\index.js",
        "options": Object {},
      },
    ],
  },
]
`;
