// Jest Snapshot v1, https://goo.gl/fbAQLP

exports[`emotion should add emotion to the plugins list of the babel-loader's options 1`] = `
Array [
  Array [
    "emotion",
    Object {
      "autoLabel": false,
      "extractStatic": false,
      "hoist": true,
      "sourceMap": false,
    },
  ],
  "@babel/plugin-proposal-object-rest-spread",
  "@babel/plugin-proposal-decorators",
  Array [
    "@babel/plugin-proposal-class-properties",
    Object {
      "loose": true,
    },
  ],
  "@babel/plugin-syntax-dynamic-import",
]
`;
